// Jest Snapshot v1, https://goo.gl/fbAQLP

exports[`Test of Calculator page test if Calculator page is rendered 1`] = `
<div
  className="calc_container"
>
  <div
    className="heading"
  >
    <p
      className="p1"
    >
      Lets Do
    </p>
    <p
      className="p2"
    >
      Some Maths
    </p>
  </div>
  <div
    className="container"
  >
    <div
      id="screen"
    >
      0
    </div>
    <div
      className="container"
    >
      <div
        className="btns"
      >
        <div
          className="row"
        >
          <button
            className="btn"
            onClick={[Function]}
            type="button"
          >
            (
          </button>
          <button
            className="btn"
            onClick={[Function]}
            type="button"
          >
            )
          </button>
          <button
            className="btn"
            onClick={[Function]}
            type="button"
          >
            %
          </button>
          <button
            id="ac"
            onClick={[Function]}
            type="button"
          >
            AC
          </button>
        </div>
        <div
          className="row"
        >
          <button
            className="btn"
            onClick={[Function]}
            type="button"
          >
            7
          </button>
          <button
            className="btn"
            onClick={[Function]}
            type="button"
          >
            8
          </button>
          <button
            className="btn"
            onClick={[Function]}
            type="button"
          >
            9
          </button>
          <button
            className="btn"
            onClick={[Function]}
            type="button"
          >
            รท
          </button>
        </div>
        <div
          className="row"
        >
          <button
            className="btn"
            onClick={[Function]}
            type="button"
          >
            4
          </button>
          <button
            className="btn"
            onClick={[Function]}
            type="button"
          >
            5
          </button>
          <button
            className="btn"
            onClick={[Function]}
            type="button"
          >
            6
          </button>
          <button
            className="btn"
            onClick={[Function]}
            type="button"
          >
            ร
          </button>
        </div>
        <div
          className="row"
        >
          <button
            className="btn"
            onClick={[Function]}
            type="button"
          >
            1
          </button>
          <button
            className="btn"
            onClick={[Function]}
            type="button"
          >
            2
          </button>
          <button
            className="btn"
            onClick={[Function]}
            type="button"
          >
            3
          </button>
          <button
            className="btn"
            onClick={[Function]}
            type="button"
          >
            -
          </button>
        </div>
        <div
          className="row"
        >
          <button
            className="btn"
            onClick={[Function]}
            type="button"
          >
            0
          </button>
          <button
            className="btn"
            onClick={[Function]}
            type="button"
          >
            .
          </button>
          <button
            id="eval"
            onClick={[Function]}
            type="button"
          >
            =
          </button>
          <button
            className="btn"
            onClick={[Function]}
            type="button"
          >
            +
          </button>
        </div>
      </div>
    </div>
  </div>
</div>
`;
