// Jest Snapshot v1, https://goo.gl/fbAQLP

exports[`Test the Home page 1`] = `
<div
  className="home"
>
  <h1>
    Welcome to our page
  </h1>
  <p>
    Lorem ipsum dolor sit amet consectetur, adipisicing elit. Quis molestiae aut, quam fugit excepturi odio vero reiciendis. Officiis atque corporis ipsum ad incidunt odit, a fugit rerum repellendus voluptatem autem dicta esse quibusdam qui, et voluptas. Provident fugit libero dolores officiis, praesentium laudantium consequatur optio accusantium asperiores tempore. Nihil quo nisi sequi autem qui repellat itaque, incidunt ullam. Temporibus laudantium nulla exercitationem id nemo officia, nobis maxime quos,
  </p>
  <p>
    Lorem ipsum dolor sit amet consectetur, adipisicing elit. Quis molestiae aut, quam fugit excepturi odio vero reiciendis. Officiis atque corporis ipsum ad incidunt odit, a fugit rerum repellendus voluptatem autem dicta esse quibusdam qui, et voluptas. Provident fugit libero dolores officiis, praesentium laudantium consequatur optio accusantium asperiores tempore. Nihil quo nisi sequi autem qui repellat itaque, incidunt ullam. Temporibus laudantium nulla exercitationem id nemo officia, nobis maxime quos,
  </p>
</div>
`;
