// Jest Snapshot v1, https://goo.gl/fbAQLP

exports[`Test the Qutoe page 1`] = `
<div
  className="quote"
>
  <p>
    Mathematics is not about numbers,equation, computations,or algorithms : It is about understanding. 
  </p>
</div>
`;
